// Jest Snapshot v1, https://goo.gl/fbAQLP

exports[`TheAppBar.vue renders correctly 1`] = `
<header
  class="mdc-top-app-bar"
>
  <div
    class="mdc-top-app-bar__row"
  >
    <section
      class="mdc-top-app-bar__section mdc-top-app-bar__section--align-start"
    >
      <span
        class="mdc-top-app-bar__title"
      >
        UPnP AV controller
      </span>
    </section>
  </div>
</header>
`;
